// Jest Snapshot v1, https://goo.gl/fbAQLP

exports[`views/Home should match snapshots 1`] = `
<View
  style={
    {
      "backgroundColor": "#fff",
      "flex": 1,
    }
  }
>
  <View
    style={
      [
        {
          "alignSelf": "center",
          "borderRadius": 6,
          "borderWidth": 1.5,
          "marginHorizontal": 8,
          "paddingHorizontal": 16,
          "paddingVertical": 6,
          "textAlign": "center",
        },
        {
          "backgroundColor": "#CEDBEB",
        },
        {
          "alignSelf": "center",
          "marginTop": "4%",
          "textAlign": "center",
        },
      ]
    }
  >
    <Text
      style={
        [
          {
            "fontFamily": "Poppins-Medium",
            "fontSize": 14,
          },
          {
            "color": "#000",
          },
          undefined,
        ]
      }
    >
      Words Puzzle
    </Text>
  </View>
  <View
    style={
      {
        "backgroundColor": "#f8f8f8",
        "flex": 0.8,
        "marginTop": "4%",
        "paddingTop": "2%",
      }
    }
  >
    <RCTScrollView
      data={[]}
      getItem={[Function]}
      getItemCount={[Function]}
      keyExtractor={[Function]}
      onContentSizeChange={[Function]}
      onLayout={[Function]}
      onMomentumScrollBegin={[Function]}
      onMomentumScrollEnd={[Function]}
      onScroll={[Function]}
      onScrollBeginDrag={[Function]}
      onScrollEndDrag={[Function]}
      removeClippedSubviews={false}
      renderItem={[Function]}
      scrollEventThrottle={50}
      stickyHeaderIndices={[]}
      viewabilityConfigCallbackPairs={[]}
    >
      <View />
    </RCTScrollView>
  </View>
  <View
    style={
      {
        "flex": 0.2,
        "paddingTop": "3%",
        "zIndex": -1,
      }
    }
  >
    <View
      accessibilityState={
        {
          "busy": undefined,
          "checked": undefined,
          "disabled": undefined,
          "expanded": undefined,
          "selected": undefined,
        }
      }
      accessibilityValue={
        {
          "max": undefined,
          "min": undefined,
          "now": undefined,
          "text": undefined,
        }
      }
      accessible={true}
      collapsable={false}
      focusable={true}
      onClick={[Function]}
      onResponderGrant={[Function]}
      onResponderMove={[Function]}
      onResponderRelease={[Function]}
      onResponderTerminate={[Function]}
      onResponderTerminationRequest={[Function]}
      onStartShouldSetResponder={[Function]}
      style={
        {
          "alignItems": "center",
          "alignSelf": "center",
          "backgroundColor": "#F0CFCD",
          "borderRadius": 6,
          "borderWidth": 1.5,
          "marginHorizontal": 8,
          "minWidth": "50%",
          "opacity": 1,
          "paddingHorizontal": 16,
          "paddingVertical": 6,
          "textAlign": "center",
        }
      }
    >
      <Text
        style={
          [
            {
              "fontFamily": "Poppins-Medium",
              "fontSize": 14,
            },
            {
              "color": "#000",
            },
            undefined,
          ]
        }
      >
        Start
      </Text>
    </View>
    <View
      accessibilityState={
        {
          "busy": undefined,
          "checked": undefined,
          "disabled": undefined,
          "expanded": undefined,
          "selected": undefined,
        }
      }
      accessibilityValue={
        {
          "max": undefined,
          "min": undefined,
          "now": undefined,
          "text": undefined,
        }
      }
      accessible={true}
      collapsable={false}
      focusable={true}
      onClick={[Function]}
      onResponderGrant={[Function]}
      onResponderMove={[Function]}
      onResponderRelease={[Function]}
      onResponderTerminate={[Function]}
      onResponderTerminationRequest={[Function]}
      onStartShouldSetResponder={[Function]}
      style={
        {
          "alignSelf": "center",
          "backgroundColor": "#fff",
          "borderRadius": 6,
          "borderWidth": 0,
          "marginHorizontal": 8,
          "marginTop": "2%",
          "opacity": 1,
          "paddingHorizontal": 16,
          "paddingVertical": 6,
          "textAlign": "center",
        }
      }
    >
      <Text
        style={
          [
            {
              "fontFamily": "Poppins-Medium",
              "fontSize": 14,
            },
            {
              "color": "#000",
            },
            undefined,
          ]
        }
      >
        Leaders Board
      </Text>
    </View>
  </View>
</View>
`;
