// Jest Snapshot v1, https://goo.gl/fbAQLP

exports[`@components/Button should match snapshots 1`] = `
<View
  accessibilityState={
    {
      "busy": undefined,
      "checked": undefined,
      "disabled": undefined,
      "expanded": undefined,
      "selected": undefined,
    }
  }
  accessibilityValue={
    {
      "max": undefined,
      "min": undefined,
      "now": undefined,
      "text": undefined,
    }
  }
  accessible={true}
  collapsable={false}
  focusable={false}
  onClick={[Function]}
  onResponderGrant={[Function]}
  onResponderMove={[Function]}
  onResponderRelease={[Function]}
  onResponderTerminate={[Function]}
  onResponderTerminationRequest={[Function]}
  onStartShouldSetResponder={[Function]}
  style={
    {
      "alignSelf": "center",
      "backgroundColor": "#F0CFCD",
      "borderRadius": 6,
      "borderWidth": 1.5,
      "marginHorizontal": 8,
      "opacity": 1,
      "paddingHorizontal": 16,
      "paddingVertical": 6,
      "textAlign": "center",
    }
  }
>
  <Text
    style={
      [
        {
          "fontFamily": "Poppins-Medium",
          "fontSize": 14,
        },
        {
          "color": "#000",
        },
        undefined,
      ]
    }
  >
    Next
  </Text>
</View>
`;
